Master Optimization Log - 2025-05-02T02:08:43.644Z

[2025-05-02T02:08:43.646Z] Running Database optimization...
[2025-05-02T02:08:44.597Z] Error running Database optimization: Command failed: node optimize-database-performance.js
[2025-05-02T02:08:44.601Z] Running Resource cleanup optimization...
[2025-05-02T02:08:46.077Z] Resource cleanup optimization completed successfully
[2025-05-02T02:08:46.079Z] Running Bundle size optimization...
[2025-05-02T02:10:46.731Z] Error running Bundle size optimization: Command failed: node optimize-bundle-size.js
[2025-05-02T02:10:46.743Z] Running Server-side rendering optimization...
[2025-05-02T02:10:47.785Z] Server-side rendering optimization completed successfully
[2025-05-02T02:10:47.787Z] Running Frontend component optimization...
[2025-05-02T02:10:48.805Z] Frontend component optimization completed successfully
[2025-05-02T02:10:48.811Z] 
Optimization Summary:
[2025-05-02T02:10:48.813Z] Database optimization: Failed
[2025-05-02T02:10:48.815Z] Resource cleanup optimization: Completed
[2025-05-02T02:10:48.817Z] Bundle size optimization: Failed
[2025-05-02T02:10:48.820Z] Server-side rendering optimization: Completed
[2025-05-02T02:10:48.824Z] Frontend component optimization: Completed
[2025-05-02T02:10:48.828Z] 
Master optimization process completed
